$ node scripts/build.mjs
  ShacoForge.NativeCarrier -> D:\Project\Shaco-Forge\apps\native-carrier\bin\Release\net10.0-windows\ShacoForge.NativeCarrier.dll

已成功生成。
    0 个警告
    0 个错误

已用时间 00:00:00.43
vite v6.4.3 building for production...
transforming...
✓ 11 modules transformed.
rendering chunks...
✓ built in 181ms
vite v6.4.3 building for production...
transforming...
✓ 3 modules transformed.
rendering chunks...
computing gzip size...
apps/desktop/.generated-client/static/shell-bootstrap.js  18.73 kB │ gzip: 5.14 kB
✓ built in 29ms
{"result":"PREPARED","graphCount":29,"react":"18.3.1"}
vite v6.4.3 building for production...
<script src="./static/shell-bootstrap.js"> in "/index.html" can't be bundled without type="module" attribute
<script src="./static/boot-facade.js"> in "/index.html" can't be bundled without type="module" attribute
<script src="./static/bootstrap.js"> in "/index.html" can't be bundled without type="module" attribute
transforming...
✓ 348 modules transformed.
rendering chunks...
computing gzip size...
dist/renderer/index.html                                           1.08 kB │ gzip:   0.57 kB
dist/renderer/assets/KaTeX_Size3-Regular-CTq5MqoE.woff             4.42 kB
dist/renderer/assets/KaTeX_Size4-Regular-Dl5lxZxV.woff2            4.93 kB
dist/renderer/assets/KaTeX_Size2-Regular-Dy4dx90m.woff2            5.21 kB
dist/renderer/assets/KaTeX_Size1-Regular-mCD8mA8B.woff2            5.47 kB
dist/renderer/assets/KaTeX_Size4-Regular-BF-4gkZK.woff             5.98 kB
dist/renderer/assets/KaTeX_Size2-Regular-oD1tc_U0.woff             6.19 kB
dist/renderer/assets/KaTeX_Size1-Regular-C195tn64.woff             6.50 kB
dist/renderer/assets/KaTeX_Caligraphic-Regular-Di6jR-x-.woff2      6.91 kB
dist/renderer/assets/KaTeX_Caligraphic-Bold-Dq_IR9rO.woff2         6.91 kB
dist/renderer/assets/KaTeX_Size3-Regular-DgpXs0kz.ttf              7.59 kB
dist/renderer/assets/KaTeX_Caligraphic-Regular-CTRA-rTL.woff       7.66 kB
dist/renderer/assets/KaTeX_Caligraphic-Bold-BEiXGLvX.woff          7.72 kB
dist/renderer/assets/KaTeX_Script-Regular-D3wIWfF6.woff2           9.64 kB
dist/renderer/assets/KaTeX_SansSerif-Regular-DDBCnlJ7.woff2       10.34 kB
dist/renderer/assets/KaTeX_Size4-Regular-DWFBv043.ttf             10.36 kB
dist/renderer/assets/KaTeX_Script-Regular-D5yQViql.woff           10.59 kB
dist/renderer/assets/KaTeX_Fraktur-Regular-CTYiF6lA.woff2         11.32 kB
dist/renderer/assets/KaTeX_Fraktur-Bold-CL6g_b3V.woff2            11.35 kB
dist/renderer/assets/KaTeX_Size2-Regular-B7gKUWhC.ttf             11.51 kB
dist/renderer/assets/KaTeX_SansSerif-Italic-C3H0VqGB.woff2        12.03 kB
dist/renderer/assets/KaTeX_SansSerif-Bold-D1sUS0GD.woff2          12.22 kB
dist/renderer/assets/KaTeX_Size1-Regular-Dbsnue_I.ttf             12.23 kB
dist/renderer/assets/KaTeX_SansSerif-Regular-CS6fqUqJ.woff        12.32 kB
dist/renderer/assets/KaTeX_Caligraphic-Regular-wX97UBjC.ttf       12.34 kB
dist/renderer/assets/KaTeX_Caligraphic-Bold-ATXxdsX0.ttf          12.37 kB
dist/renderer/assets/KaTeX_Fraktur-Regular-Dxdc4cR9.woff          13.21 kB
dist/renderer/assets/KaTeX_Fraktur-Bold-BsDP51OF.woff             13.30 kB
dist/renderer/assets/KaTeX_Typewriter-Regular-CO6r4hn1.woff2      13.57 kB
dist/renderer/assets/KaTeX_SansSerif-Italic-DN2j7dab.woff         14.11 kB
dist/renderer/assets/KaTeX_SansSerif-Bold-DbIhKOiC.woff           14.41 kB
dist/renderer/assets/KaTeX_Typewriter-Regular-C0xS9mPB.woff       16.03 kB
dist/renderer/assets/KaTeX_Math-BoldItalic-CZnvNsCZ.woff2         16.40 kB
dist/renderer/assets/KaTeX_Math-Italic-t53AETM-.woff2             16.44 kB
dist/renderer/assets/KaTeX_Script-Regular-C5JkGWo-.ttf            16.65 kB
dist/renderer/assets/KaTeX_Main-BoldItalic-DxDJ3AOS.woff2         16.78 kB
dist/renderer/assets/KaTeX_Main-Italic-NWA7e6Wa.woff2             16.99 kB
dist/renderer/assets/KaTeX_Math-BoldItalic-iY-2wyZ7.woff          18.67 kB
dist/renderer/assets/KaTeX_Math-Italic-DA0__PXp.woff              18.75 kB
dist/renderer/assets/KaTeX_Main-BoldItalic-SpSLRI95.woff          19.41 kB
dist/renderer/assets/KaTeX_SansSerif-Regular-BNo7hRIc.ttf         19.44 kB
dist/renderer/assets/KaTeX_Fraktur-Regular-CB_wures.ttf           19.57 kB
dist/renderer/assets/KaTeX_Fraktur-Bold-BdnERNNW.ttf              19.58 kB
dist/renderer/assets/KaTeX_Main-Italic-BMLOBm91.woff              19.68 kB
dist/renderer/assets/KaTeX_SansSerif-Italic-YYjJ1zSn.ttf          22.36 kB
dist/renderer/assets/KaTeX_SansSerif-Bold-CFMepnvq.ttf            24.50 kB
dist/renderer/assets/KaTeX_Main-Bold-Cx986IdX.woff2               25.32 kB
dist/renderer/assets/KaTeX_Main-Regular-B22Nviop.woff2            26.27 kB
dist/renderer/assets/KaTeX_Typewriter-Regular-D3Ib7_Hf.ttf        27.56 kB
dist/renderer/assets/KaTeX_AMS-Regular-BQhdFMY1.woff2             28.08 kB
dist/renderer/assets/KaTeX_Main-Bold-Jm3AIy58.woff                29.91 kB
dist/renderer/assets/KaTeX_Main-Regular-Dr94JaBh.woff             30.77 kB
dist/renderer/assets/KaTeX_Math-BoldItalic-B3XSjfu4.ttf           31.20 kB
dist/renderer/assets/KaTeX_Math-Italic-flOr_0UB.ttf               31.31 kB
dist/renderer/assets/KaTeX_Main-BoldItalic-DzxPMmG6.ttf           32.97 kB
dist/renderer/assets/KaTeX_AMS-Regular-DMm9YOAa.woff              33.52 kB
dist/renderer/assets/KaTeX_Main-Italic-3WenGoN9.ttf               33.58 kB
dist/renderer/assets/KaTeX_Main-Bold-waoOVXN0.ttf                 51.34 kB
dist/renderer/assets/KaTeX_Main-Regular-ypZvNtVU.ttf              53.58 kB
dist/renderer/assets/KaTeX_AMS-Regular-DRggAlZN.ttf               63.63 kB
dist/renderer/assets/index-B0Q1znxS.css                           84.27 kB │ gzip:  19.86 kB
dist/renderer/assets/ini-BEwlwnbL.js                               1.53 kB │ gzip:   0.50 kB
dist/renderer/assets/xml-sdJ4AIDG.js                               5.38 kB │ gzip:   1.21 kB
dist/renderer/assets/toml-vGWfd6FD.js                              6.43 kB │ gzip:   1.28 kB
dist/renderer/assets/kotlin-BdnUsdx6.js                            8.79 kB │ gzip:   2.13 kB
dist/renderer/assets/yaml-Buea-lGh.js                             10.51 kB │ gzip:   2.27 kB
dist/renderer/assets/rust-B1yitclQ.js                             15.07 kB │ gzip:   2.72 kB
dist/renderer/assets/lua-BaeVxFsk.js                              15.54 kB │ gzip:   3.16 kB
dist/renderer/assets/sql-CRqJ_cUM.js                              23.43 kB │ gzip:   7.42 kB
dist/renderer/assets/scss-D5BDwBP9.js                             27.20 kB │ gzip:   4.20 kB
dist/renderer/assets/java-CylS5w8V.js                             27.22 kB │ gzip:   4.26 kB
dist/renderer/assets/go-C27-OAKa.js                               46.82 kB │ gzip:   5.18 kB
dist/renderer/assets/css-CLj8gQPS.js                              49.04 kB │ gzip:  11.86 kB
dist/renderer/assets/markdown-Cvjx9yec.js                         59.34 kB │ gzip:   5.64 kB
dist/renderer/assets/python-B6aJPvgy.js                           69.95 kB │ gzip:   9.13 kB
dist/renderer/assets/c-BIGW1oBm.js                                72.11 kB │ gzip:  10.51 kB
dist/renderer/assets/swift-D82vCrfD.js                            86.69 kB │ gzip:  14.73 kB
dist/renderer/assets/csharp-DSvCPggb.js                           90.19 kB │ gzip:  10.75 kB
dist/renderer/assets/less-B1dDrJ26.js                             97.63 kB │ gzip:  14.70 kB
dist/renderer/assets/php-LBIERvLe.js                             113.07 kB │ gzip:  28.74 kB
dist/renderer/assets/mdx-Cmh6b_Ma.js                             136.11 kB │ gzip:  23.35 kB
dist/renderer/assets/html-CfGypltT.js                            232.12 kB │ gzip:  28.31 kB
dist/renderer/assets/ruby-DUMt-Urt.js                            425.75 kB │ gzip:  41.30 kB
dist/renderer/assets/cpp-DIPi6g--.js                             637.55 kB │ gzip:  47.22 kB
dist/renderer/assets/index-9IabMeku.js                         1,162.17 kB │ gzip: 323.89 kB

(!) Some chunks are larger than 500 kB after minification. Consider:
- Using dynamic import() to code-split the application
- Use build.rollupOptions.output.manualChunks to improve chunking: https://rollupjs.org/configuration-options/#output-manualchunks
- Adjust chunk size limit for this warning via build.chunkSizeWarningLimit.
✓ built in 1.69s
