npm http fetch GET 200 https://registry.npmjs.org/responselike/-/responselike-2.0.1.tgz 763ms (cache miss)
npm http fetch GET 200 https://registry.npmjs.org/progress/-/progress-2.0.3.tgz 764ms (cache miss)
npm http fetch GET 200 https://registry.npmjs.org/sprintf-js/-/sprintf-js-1.1.3.tgz 778ms (cache miss)
npm http fetch GET 200 https://registry.npmjs.org/wrappy/-/wrappy-1.0.2.tgz 780ms (cache miss)
npm http fetch GET 200 https://registry.npmjs.org/semver/-/semver-6.3.1.tgz 783ms (cache miss)
npm http fetch GET 200 https://registry.npmjs.org/quick-lru/-/quick-lru-5.1.1.tgz 794ms (cache miss)
npm http fetch GET 200 https://registry.npmjs.org/resolve-alpn/-/resolve-alpn-1.2.1.tgz 794ms (cache miss)
npm http fetch GET 200 https://registry.npmjs.org/serialize-error/-/serialize-error-7.0.1.tgz 803ms (cache miss)
npm http fetch GET 200 https://registry.npmjs.org/semver-compare/-/semver-compare-1.0.0.tgz 805ms (cache miss)
npm http fetch GET 200 https://registry.npmjs.org/universalify/-/universalify-0.1.2.tgz 813ms (cache miss)
npm http fetch GET 200 https://registry.npmjs.org/roarr/-/roarr-2.15.4.tgz 826ms (cache miss)
npm http fetch GET 200 https://registry.npmjs.org/undici-types/-/undici-types-6.21.0.tgz 831ms (cache miss)
npm http fetch GET 200 https://registry.npmjs.org/yauzl/-/yauzl-2.10.0.tgz 858ms (cache miss)
npm http fetch GET 200 https://registry.npmjs.org/type-fest/-/type-fest-0.13.1.tgz 857ms (cache miss)
npm http fetch GET 200 https://registry.npmjs.org/sumchecker/-/sumchecker-3.0.1.tgz 942ms (cache miss)
npm http fetch GET 200 https://registry.npmjs.org/once/-/once-1.4.0.tgz 940ms (cache miss)
npm http fetch GET 200 https://registry.npmjs.org/pend/-/pend-1.2.0.tgz 957ms (cache miss)
npm http fetch GET 200 https://registry.npmjs.org/pump/-/pump-3.0.4.tgz 965ms (cache miss)
npm http fetch GET 200 https://registry.npmjs.org/object-keys/-/object-keys-1.1.1.tgz 973ms (cache miss)
npm http fetch GET 200 https://registry.npmjs.org/p-cancelable/-/p-cancelable-2.1.1.tgz 981ms (cache miss)
npm http fetch GET 200 https://registry.npmjs.org/ms/-/ms-2.1.3.tgz 1000ms (cache miss)
npm http fetch GET 200 https://registry.npmjs.org/matcher/-/matcher-3.0.0.tgz 1002ms (cache miss)
npm http fetch GET 200 https://registry.npmjs.org/normalize-url/-/normalize-url-6.1.0.tgz 1007ms (cache miss)
npm http fetch GET 200 https://registry.npmjs.org/keyv/-/keyv-4.5.4.tgz 1009ms (cache miss)
npm http fetch GET 200 https://registry.npmjs.org/jsonfile/-/jsonfile-4.0.0.tgz 1010ms (cache miss)
npm http fetch GET 200 https://registry.npmjs.org/json-buffer/-/json-buffer-3.0.1.tgz 1010ms (cache miss)
npm http fetch GET 200 https://registry.npmjs.org/mimic-response/-/mimic-response-1.0.1.tgz 1016ms (cache miss)
npm http fetch GET 200 https://registry.npmjs.org/lowercase-keys/-/lowercase-keys-2.0.0.tgz 1073ms (cache miss)
npm http fetch GET 200 https://registry.npmjs.org/graceful-fs/-/graceful-fs-4.2.11.tgz 1074ms (cache miss)
npm http fetch GET 200 https://registry.npmjs.org/json-stringify-safe/-/json-stringify-safe-5.0.1.tgz 1139ms (cache miss)
npm http fetch GET 200 https://registry.npmjs.org/http-cache-semantics/-/http-cache-semantics-4.2.0.tgz 1148ms (cache miss)
npm http fetch GET 200 https://registry.npmjs.org/http2-wrapper/-/http2-wrapper-1.0.3.tgz 1164ms (cache miss)
npm http fetch GET 200 https://registry.npmjs.org/gopd/-/gopd-1.2.0.tgz 1180ms (cache miss)
npm http fetch GET 200 https://registry.npmjs.org/has-property-descriptors/-/has-property-descriptors-1.0.2.tgz 1201ms (cache miss)
npm http fetch GET 200 https://registry.npmjs.org/get-stream/-/get-stream-5.2.0.tgz 1206ms (cache miss)
npm http fetch GET 200 https://registry.npmjs.org/extract-zip/-/extract-zip-2.0.1.tgz 1207ms (cache miss)
npm http fetch GET 200 https://registry.npmjs.org/es6-error/-/es6-error-4.1.1.tgz 1213ms (cache miss)
npm http fetch GET 200 https://registry.npmjs.org/globalthis/-/globalthis-1.0.4.tgz 1214ms (cache miss)
npm http fetch GET 200 https://registry.npmjs.org/escape-string-regexp/-/escape-string-regexp-4.0.0.tgz 1226ms (cache miss)
npm http fetch GET 200 https://registry.npmjs.org/global-agent/-/global-agent-3.0.0.tgz 1255ms (cache miss)
npm http fetch GET 200 https://registry.npmjs.org/fs-extra/-/fs-extra-8.1.0.tgz 1267ms (cache miss)
npm http fetch GET 200 https://registry.npmjs.org/es-errors/-/es-errors-1.3.0.tgz 1299ms (cache miss)
npm http fetch GET 200 https://registry.npmjs.org/fd-slicer/-/fd-slicer-1.1.0.tgz 1302ms (cache miss)
npm http fetch GET 200 https://registry.npmjs.org/es-define-property/-/es-define-property-1.0.1.tgz 1333ms (cache miss)
npm http fetch GET 200 https://registry.npmjs.org/detect-node/-/detect-node-2.1.0.tgz 1354ms (cache miss)
npm warn tarball tarball data for env-paths@https://registry.npmjs.org/env-paths/-/env-paths-2.2.1.tgz (sha512-+h1lkLKhZMTYjog1VEpJNG7NZJWcuc2DDk/qsqSTRRCOXiLjeQ1d1/udrUGhqMxUgALwKNZ0cf2uqan5GLuS2A==) seems to be corrupted. Trying again.
npm http fetch GET 200 https://registry.npmjs.org/env-paths/-/env-paths-2.2.1.tgz 1374ms (cache miss)
npm http fetch GET 200 https://registry.npmjs.org/got/-/got-11.8.6.tgz 1377ms (cache miss)
npm http fetch GET 200 https://registry.npmjs.org/define-properties/-/define-properties-1.2.1.tgz 1392ms (cache miss)
npm http fetch GET 200 https://registry.npmjs.org/define-data-property/-/define-data-property-1.1.4.tgz 1408ms (cache miss)
npm http fetch GET 200 https://registry.npmjs.org/end-of-stream/-/end-of-stream-1.4.5.tgz 1410ms (cache miss)
npm http fetch GET 200 https://registry.npmjs.org/clone-response/-/clone-response-1.0.3.tgz 1410ms (cache miss)
npm http fetch GET 200 https://registry.npmjs.org/debug/-/debug-4.4.3.tgz 1410ms (cache miss)
npm http fetch GET 200 https://registry.npmjs.org/cacheable-request/-/cacheable-request-7.0.4.tgz 1418ms (cache miss)
npm http fetch GET 200 https://registry.npmjs.org/decompress-response/-/decompress-response-6.0.0.tgz 1431ms (cache miss)
npm http fetch GET 200 https://registry.npmjs.org/boolean/-/boolean-3.2.0.tgz 1457ms (cache miss)
npm warn deprecated boolean@3.2.0: Package no longer supported. Contact Support at https://www.npmjs.com/support for more info.
npm http fetch GET 200 https://registry.npmjs.org/cacheable-lookup/-/cacheable-lookup-5.0.4.tgz 1532ms (cache miss)
npm http fetch GET 200 https://registry.npmjs.org/buffer-crc32/-/buffer-crc32-0.2.13.tgz 1534ms (cache miss)
npm http fetch GET 200 https://registry.npmjs.org/defer-to-connect/-/defer-to-connect-2.0.1.tgz 1535ms (cache miss)
npm http fetch GET 200 https://registry.npmjs.org/@types/responselike/-/responselike-1.0.3.tgz 1551ms (cache miss)
npm http fetch GET 200 https://registry.npmjs.org/electron/-/electron-35.7.5.tgz 1555ms (cache miss)
npm http fetch GET 200 https://registry.npmjs.org/@types/yauzl/-/yauzl-2.10.3.tgz 1577ms (cache miss)
npm http fetch GET 200 https://registry.npmjs.org/@szmarczak/http-timer/-/http-timer-4.0.6.tgz 1582ms (cache miss)
npm http fetch GET 200 https://registry.npmjs.org/@types/keyv/-/keyv-3.1.4.tgz 1609ms (cache miss)
npm http fetch GET 200 https://registry.npmjs.org/@types/cacheable-request/-/cacheable-request-6.0.3.tgz 1624ms (cache miss)
npm http fetch GET 200 https://registry.npmjs.org/@types/http-cache-semantics/-/http-cache-semantics-4.2.0.tgz 1633ms (cache miss)
npm http fetch GET 200 https://registry.npmjs.org/semver/-/semver-7.8.5.tgz 1652ms (cache miss)
npm http fetch GET 200 https://registry.npmjs.org/mimic-response/-/mimic-response-3.1.0.tgz 1663ms (cache miss)
npm http fetch GET 200 https://registry.npmjs.org/@sindresorhus/is/-/is-4.6.0.tgz 1673ms (cache miss)
npm http fetch GET 200 https://registry.npmjs.org/@electron/get/-/get-2.0.3.tgz 1714ms (cache miss)
npm warn tarball tarball data for env-paths@https://registry.npmjs.org/env-paths/-/env-paths-2.2.1.tgz (sha512-+h1lkLKhZMTYjog1VEpJNG7NZJWcuc2DDk/qsqSTRRCOXiLjeQ1d1/udrUGhqMxUgALwKNZ0cf2uqan5GLuS2A==) seems to be corrupted. Trying again.
npm http fetch GET 200 https://registry.npmjs.org/env-paths/-/env-paths-2.2.1.tgz 364ms (cache miss)
npm http fetch GET 200 https://registry.npmjs.org/@types/node/-/node-22.20.1.tgz 2154ms (cache miss)
npm error code EINTEGRITY
npm error sha512-+h1lkLKhZMTYjog1VEpJNG7NZJWcuc2DDk/qsqSTRRCOXiLjeQ1d1/udrUGhqMxUgALwKNZ0cf2uqan5GLuS2A== integrity checksum failed when using sha512: wanted sha512-+h1lkLKhZMTYjog1VEpJNG7NZJWcuc2DDk/qsqSTRRCOXiLjeQ1d1/udrUGhqMxUgALwKNZ0cf2uqan5GLuS2A== but got sha512-+h1lkLKhZMTYjog1VEpJNG7NZJWcuc2DDk/qsqSTRRCOXiLjeQ1d1/udrUGhqMxUgAlwKNZ0cf2uqan5GLuS2A==. (3411 bytes)
npm error A complete log of this run can be found in: D:\Project\Shaco-Forge\docs\04-development-records\experiments\P0S-6-DEPENDENCY-READINESS-RECOVERY\evidence\***\npm-logs\2026-09-04T04_09_20_273Z-debug-0.log
