$ node scripts/smoke-electron.mjs
{
  "result": "PASS",
  "evidencePath": "D:\\Project\\Shaco-Forge\\node_modules\\.step1-electron-regression\\electron-runtime.json",
  "screenshotPath": "D:\\Project\\Shaco-Forge\\node_modules\\.step1-electron-regression\\electron-runtime.png",
  "mainPid": 39960,
  "events": [
    {
      "protocolVersion": 1,
      "phase": "host-ready",
      "timestamp": "2026-09-11T11:50:02.428Z",
      "workerPid": 45580,
      "hostPid": 34164,
      "parentPid": 39960,
      "workerNodeVersion": "v22.19.0",
      "workerExecutable": "C:\\Users\\18902\\AppData\\Local\\Temp\\shaco-forge-v1-slice-1a-toolchain\\node-v22.19.0-win-x64\\node.exe",
      "workerArgv": [
        "D:\\Project\\Shaco-Forge\\apps\\worker\\dist\\index.js"
      ]
    },
    {
      "protocolVersion": 1,
      "phase": "carrier-ready",
      "timestamp": "2026-09-11T11:50:02.451Z",
      "workerPid": 45580,
      "hostPid": 34164,
      "parentPid": 39960,
      "workerNodeVersion": "v22.19.0",
      "workerExecutable": "C:\\Users\\18902\\AppData\\Local\\Temp\\shaco-forge-v1-slice-1a-toolchain\\node-v22.19.0-win-x64\\node.exe",
      "workerArgv": [
        "D:\\Project\\Shaco-Forge\\apps\\worker\\dist\\index.js"
      ]
    }
  ],
  "theme": {
    "architecture": "MODE_PLUS_TEMPLATE",
    "supportedModes": [
      "light",
      "dark",
      "system"
    ],
    "initial": {
      "mode": "light",
      "resolved": "light",
      "rootTheme": "light",
      "values": {
        "appSurface": "rgb(244, 244, 242)",
        "sidebarSurface": "rgb(235, 235, 232)",
        "primaryText": "rgb(36, 38, 36)",
        "border": "rgb(210, 211, 205)",
        "selectedRow": "rgb(216, 219, 212)",
        "composerSurface": "rgb(250, 250, 248)"
      }
    },
    "systemPreferenceQuery": "(prefers-color-scheme: dark)",
    "rootSwitchSmoke": {
      "requested": true,
      "pass": true,
      "lightValues": {
        "appSurface": "rgb(244, 244, 242)",
        "sidebarSurface": "rgb(235, 235, 232)",
        "primaryText": "rgb(36, 38, 36)",
        "border": "rgb(210, 211, 205)",
        "selectedRow": "rgb(216, 219, 212)",
        "composerSurface": "rgb(250, 250, 248)"
      },
      "darkValues": {
        "appSurface": "rgb(23, 27, 24)",
        "sidebarSurface": "rgb(29, 34, 30)",
        "primaryText": "rgb(237, 241, 233)",
        "border": "rgb(68, 77, 63)",
        "selectedRow": "rgb(57, 72, 49)",
        "composerSurface": "rgb(43, 49, 43)"
      },
      "changedSemanticTokens": [
        "appSurface",
        "border",
        "composerSurface",
        "primaryText",
        "selectedRow",
        "sidebarSurface"
      ],
      "finalMode": "light",
      "finalResolved": "light",
      "finalRootTheme": "light"
    },
    "visibleAppearanceSettings": false,
    "harnessClientThemeUnification": "SHACO_TEMPLATE_AUTHORITY"
  },
  "dshHomeRemoved": true,
  "stderr": "Error occurred in handler for 'transport:pull-stream': Error: Carrier closed by Desktop\n    at CarrierClient.close (file:///D:/Project/Shaco-Forge/apps/desktop/dist/main/carrier-client.js:328:20)\n    at #fence (file:///D:/Project/Shaco-Forge/apps/desktop/dist/main/recovery-coordinator.js:133:14)\n    at RecoveryCoordinator.stop (file:///D:/Project/Shaco-Forge/apps/desktop/dist/main/recovery-coordinator.js:145:47)\n    at maybeFinalizeEvidence (file:///D:/Project/Shaco-Forge/apps/desktop/dist/main/main.js:256:15)\nError occurred in handler for 'transport:pull-stream': Error: Carrier closed by Desktop\n    at CarrierClient.close (file:///D:/Project/Shaco-Forge/apps/desktop/dist/main/carrier-client.js:328:20)\n    at #fence (file:///D:/Project/Shaco-Forge/apps/desktop/dist/main/recovery-coordinator.js:133:14)\n    at RecoveryCoordinator.stop (file:///D:/Project/Shaco-Forge/apps/desktop/dist/main/recovery-coordinator.js:145:47)\n    at maybeFinalizeEvidence (file:///D:/Project/Shaco-Forge/apps/desktop/dist/main/main.js:256:15)\nError occurred in handler for 'transport:pull-stream': Error: Carrier closed by Desktop\n    at CarrierClient.close (file:///D:/Project/Shaco-Forge/apps/desktop/dist/main/carrier-client.js:328:20)\n    at #fence (file:///D:/Project/Shaco-Forge/apps/desktop/dist/main/recovery-coordinator.js:133:14)\n    at RecoveryCoordinator.stop (file:///D:/Project/Shaco-Forge/apps/desktop/dist/main/recovery-coordinator.js:145:47)\n    at maybeFinalizeEvidence (file:///D:/Project/Shaco-Forge/apps/desktop/dist/main/main.js:256:15)\n"
}
