TAP version 13
# Subtest: closure traverses only production declarations; required peers, optional policy and determinism
ok 1 - closure traverses only production declarations; required peers, optional policy and determinism
  ---
  duration_ms: 78.79
  type: 'test'
  ...
# Subtest: optionalDependencies override dependencies, while optional peers do not enter the graph
ok 2 - optionalDependencies override dependencies, while optional peers do not enter the graph
  ---
  duration_ms: 0.2433
  type: 'test'
  ...
# Subtest: missing dependencies fails closed
ok 3 - missing dependencies fails closed
  ---
  duration_ms: 10.2791
  type: 'test'
  ...
# Subtest: missing peerDependencies fails closed
ok 4 - missing peerDependencies fails closed
  ---
  duration_ms: 10.0011
  type: 'test'
  ...
# Subtest: wrong resolved name fails closed
ok 5 - wrong resolved name fails closed
  ---
  duration_ms: 11.7743
  type: 'test'
  ...
# Subtest: wrong resolved version fails closed
ok 6 - wrong resolved version fails closed
  ---
  duration_ms: 12.1452
  type: 'test'
  ...
# Subtest: present optional dependency with wrong identity fails closed
ok 7 - present optional dependency with wrong identity fails closed
  ---
  duration_ms: 12.8411
  type: 'test'
  ...
# Subtest: ambiguous production roots fail closed
ok 8 - ambiguous production roots fail closed
  ---
  duration_ms: 7.6865
  type: 'test'
  ...
# Subtest: forbidden package through a production edge fails with the complete parent chain
ok 9 - forbidden package through a production edge fails with the complete parent chain
  ---
  duration_ms: 16.4871
  type: 'test'
  ...
# Subtest: materialization preserves distinct versions and cycles; every actual package must match its production graph
ok 10 - materialization preserves distinct versions and cycles; every actual package must match its production graph
  ---
  duration_ms: 88.9393
  type: 'test'
  ...
# Subtest: pruning removes obvious test/dev artifacts and preserves licenses and executable src entry points
ok 11 - pruning removes obvious test/dev artifacts and preserves licenses and executable src entry points
  ---
  duration_ms: 25.4203
  type: 'test'
  ...
# Subtest: src policy preserves runtime references and excludes unreferenced source trees
ok 12 - src policy preserves runtime references and excludes unreferenced source trees
  ---
  duration_ms: 15.4255
  type: 'test'
  ...
# Subtest: explicit runtime target under a test directory fails closed instead of silently breaking runtime
ok 13 - explicit runtime target under a test directory fails closed instead of silently breaking runtime
  ---
  duration_ms: 13.4065
  type: 'test'
  ...
# Subtest: runtime import into a test-only directory prevents unsafe pruning
ok 14 - runtime import into a test-only directory prevents unsafe pruning
  ---
  duration_ms: 10.2636
  type: 'test'
  ...
# Subtest: generated browser/system tests, unexported test support and standalone test runners are excluded
ok 15 - generated browser/system tests, unexported test support and standalone test runners are excluded
  ---
  duration_ms: 24.0381
  type: 'test'
  ...
# Subtest: public testing and mock runtime APIs are preserved without treating a name as proof of test-only content
ok 16 - public testing and mock runtime APIs are preserved without treating a name as proof of test-only content
  ---
  duration_ms: 14.5829
  type: 'test'
  ...
# Subtest: runtime src imports into excluded generated test support fail closed
ok 17 - runtime src imports into excluded generated test support fail closed
  ---
  duration_ms: 12.0702
  type: 'test'
  ...
# Subtest: actual production root inventory is stable and comes from CLI/profile/bootstrap entry bytes
ok 18 - actual production root inventory is stable and comes from CLI/profile/bootstrap entry bytes # SKIP
  ---
  duration_ms: 0.0812
  type: 'test'
  ...
1..18
# tests 18
# suites 0
# pass 17
# fail 0
# cancelled 0
# skipped 1
# todo 0
# duration_ms 766.2461
