$ node scripts/package-installer.mjs
MakeNSIS v3.12 - Copyright 1999-2026 Contributors
See the file COPYING for license details.
Credits can be found in the Users Manual.

Command line defined: "SOURCE=D:\Project\Shaco-Forge"
Command line defined: "PAYLOAD=C:\Users\18902\AppData\Local\Temp\shaco-forge-s3s1-packages\1789139804235\output\Shaco Forge-win32-x64"
Command line defined: "OUTPUT=D:\Project\Shaco-Forge\dist\installers\Shaco-Forge-1.0.0-dev.1-1789140219871-unsigned.exe"
Processing config: D:\Project\Shaco-Forge\dist\installer-toolchain\nsis-3.12-verified\nsis-3.12\nsisconf.nsh
Processing script file: "D:\Project\Shaco-Forge\apps\installer\installer.nsi" (ACP)
File: failed opening file "C:\Users\18902\AppData\Local\Temp\shaco-forge-s3s1-packages\1789139804235\output\Shaco Forge-win32-x64\harness\node_modules\@opentelemetry\otlp-transformer\node_modules\@opentelemetry\resources\build\esm\detectors\platform\browser\ServiceInstanceIdDetector.d.ts"
Error in script "D:\Project\Shaco-Forge\apps\installer\installer.nsi" on line 49 -- aborting creation process
node:internal/errors:983
  const err = new Error(message);
              ^

Error: Command failed: D:\Project\Shaco-Forge\dist\installer-toolchain\nsis-3.12-verified\nsis-3.12\makensis.exe /V3 /DSOURCE=D:\Project\Shaco-Forge /DPAYLOAD=C:\Users\18902\AppData\Local\Temp\shaco-forge-s3s1-packages\1789139804235\output\Shaco Forge-win32-x64 /DOUTPUT=D:\Project\Shaco-Forge\dist\installers\Shaco-Forge-1.0.0-dev.1-1789140219871-unsigned.exe D:\Project\Shaco-Forge\apps\installer\installer.nsi
    at genericNodeError (node:internal/errors:983:15)
    at wrappedFn (node:internal/errors:537:14)
    at checkExecSyncError (node:child_process:915:11)
    at execFileSync (node:child_process:951:15)
    at file:///D:/Project/Shaco-Forge/scripts/package-installer.mjs:22:1 {
  status: 1,
  signal: null,
  output: [ null, null, null ],
  pid: 40012,
  stdout: null,
  stderr: null
}

Node.js v22.19.0
[ELIFECYCLE] Command failed with exit code 1.
