$ node scripts/package-installer.mjs
MakeNSIS v3.12 - Copyright 1999-2026 Contributors
See the file COPYING for license details.
Credits can be found in the Users Manual.

Command line defined: "SOURCE=D:\Project\Shaco-Forge"
Command line defined: "PAYLOAD=\\?\C:\Users\18902\AppData\Local\Temp\shaco-forge-s3s1-packages\1789146541276\output\Shaco Forge-win32-x64"
Command line defined: "OUTPUT=D:\Project\Shaco-Forge\dist\installers\Shaco-Forge-1.0.0-dev.1-1789146867101-unsigned.exe"
Processing config: D:\Project\Shaco-Forge\dist\installer-toolchain\nsis-3.12-verified\nsis-3.12\nsisconf.nsh
Processing script file: "D:\Project\Shaco-Forge\apps\installer\installer.nsi" (UTF8)

Processed 1 file, writing output (x86-unicode):

Output: "D:\Project\Shaco-Forge\dist\installers\Shaco-Forge-1.0.0-dev.1-1789146867101-unsigned.exe"
Install: 1 page (64 bytes), 1 section (1 required) (2072 bytes), 29378 instructions (822584 bytes), 12478 strings (746618 bytes), 1 language table (198 bytes).
Datablock optimizer saved 96493 KiB (~12.7%).

Using lzma (compress whole) compression.

EXE header size:               37376 / 38912 bytes
Install code:                          (1571928 bytes)
Install data:                          (676202801 bytes)
Compressed data:           162939230 / 677774729 bytes
CRC (0x6CA8F422):                  4 / 4 bytes

Total size:                162976610 / 677813645 bytes (24.0%)
{
  "result": "UNSIGNED_INSTALLER_CANDIDATE",
  "releaseReady": false,
  "productionSigned": false,
  "path": "D:\\Project\\Shaco-Forge\\dist\\installers\\Shaco-Forge-1.0.0-dev.1-1789146867101-unsigned.exe",
  "bytes": 162976610,
  "sha256": "91edf1658b734b3feca51abc082f366e0bf15442aba4e355c885a035b3f1c809",
  "packagedArtifactDigest": "df35daad07b98e6a4bdb81501fcd33390b6c07f37dd7b813a18218d718bfde6f",
  "releaseManifestDigest": "ce8b5714cd442b458db64a83bedfffdfd055fc9e07e2080bcd42f3fc81e3dd3d",
  "installerTool": {
    "name": "NSIS",
    "version": "3.12",
    "archiveSha256": "56581f90db321581c5381193d796fffcf2d24b2f8fed2160a6c6a3baa67f2c4f"
  },
  "target": "WINDOWS_X64_PER_USER",
  "signingRuns": 0,
  "providerRuns": 0
}

