$ node scripts/package-installer.mjs
MakeNSIS v3.12 - Copyright 1999-2026 Contributors
See the file COPYING for license details.
Credits can be found in the Users Manual.

Command line defined: "SOURCE=D:\Project\Shaco-Forge"
Command line defined: "PAYLOAD=\\?\C:\Users\18902\AppData\Local\Temp\shaco-forge-s3s1-packages\1789139804235\output\Shaco Forge-win32-x64"
Command line defined: "OUTPUT=D:\Project\Shaco-Forge\dist\installers\Shaco-Forge-1.0.0-dev.1-1789140507599-unsigned.exe"
Processing config: D:\Project\Shaco-Forge\dist\installer-toolchain\nsis-3.12-verified\nsis-3.12\nsisconf.nsh
Processing script file: "D:\Project\Shaco-Forge\apps\installer\installer.nsi" (UTF8)

Processed 1 file, writing output (x86-unicode):

Output: "D:\Project\Shaco-Forge\dist\installers\Shaco-Forge-1.0.0-dev.1-1789140507599-unsigned.exe"
Install: 1 page (64 bytes), 1 section (1 required) (2072 bytes), 29378 instructions (822584 bytes), 12478 strings (746618 bytes), 1 language table (198 bytes).
Datablock optimizer saved 96493 KiB (~12.7%).

Using lzma (compress whole) compression.

EXE header size:               37376 / 38912 bytes
Install code:                          (1571928 bytes)
Install data:                          (676202565 bytes)
Compressed data:           162935197 / 677774493 bytes
CRC (0x888684A8):                  4 / 4 bytes

Total size:                162972577 / 677813409 bytes (24.0%)
{
  "result": "UNSIGNED_INSTALLER_CANDIDATE",
  "releaseReady": false,
  "productionSigned": false,
  "path": "D:\\Project\\Shaco-Forge\\dist\\installers\\Shaco-Forge-1.0.0-dev.1-1789140507599-unsigned.exe",
  "bytes": 162972577,
  "sha256": "64d17cd85d350811e0c0514df42609a21efd749327d20f773c5cb19b376dfafe",
  "packagedArtifactDigest": "5ad3c2872ea50f8b9051ce85f3839af4ac61ff16f9f31e0db9558b15fc683254",
  "releaseManifestDigest": "08ffb9405e40a2f275302cb24c8a49f27c98be28f768825bcd1d3c129a5e0e98",
  "installerTool": {
    "name": "NSIS",
    "version": "3.12",
    "archiveSha256": "56581f90db321581c5381193d796fffcf2d24b2f8fed2160a6c6a3baa67f2c4f"
  },
  "target": "WINDOWS_X64_PER_USER",
  "signingRuns": 0,
  "providerRuns": 0
}

